<?xml version="1.0" encoding="UTF-8"?>
<testsuites name="Mocha Tests" time="0.013000000000000001" tests="68" failures="1">
  <testsuite name="Root Suite" timestamp="2019-08-27T13:26:50" tests="0" failures="0" time="0">
  </testsuite>
  <testsuite name="Class: KafkaService" timestamp="2019-08-27T13:26:50" tests="0" file="/Users/Shared/Projects/COMOrderDetailService/src/common/KafaService.test.ts" failures="0" time="0">
  </testsuite>
  <testsuite name="function: postToQueue" timestamp="2019-08-27T13:26:50" tests="0" file="/Users/Shared/Projects/COMOrderDetailService/src/common/KafaService.test.ts" failures="0" time="0">
  </testsuite>
  <testsuite name="Given that the KafaService is instantiated with a null host and topic, When postToQueue() is called, then it" timestamp="2019-08-27T13:26:50" tests="2" file="/Users/Shared/Projects/COMOrderDetailService/src/common/KafaService.test.ts" failures="0" time="0.001">
    <testcase name="Class: KafkaService function: postToQueue Given that the KafaService is instantiated with a null host and topic, When postToQueue() is called, then it should return null (be in local mode)" time="0" classname="should return null (be in local mode)">
    </testcase>
    <testcase name="Class: KafkaService function: postToQueue Given that the KafaService is instantiated with a null host and topic, When postToQueue() is called, then it should not call postToKafka()" time="0.001" classname="should not call postToKafka()">
    </testcase>
  </testsuite>
  <testsuite name="Given that the KafkaService is instantiated with a host and topic, When postToQueue() is called, then it" timestamp="2019-08-27T13:26:50" tests="2" file="/Users/Shared/Projects/COMOrderDetailService/src/common/KafaService.test.ts" failures="0" time="0">
    <testcase name="Class: KafkaService function: postToQueue Given that the KafkaService is instantiated with a host and topic, When postToQueue() is called, then it should call postToKafka()" time="0" classname="should call postToKafka()">
    </testcase>
    <testcase name="Class: KafkaService function: postToQueue Given that the KafkaService is instantiated with a host and topic, When postToQueue() is called, then it should return the response given by postToKafak()" time="0" classname="should return the response given by postToKafak()">
    </testcase>
  </testsuite>
  <testsuite name="function: postToKafka" timestamp="2019-08-27T13:26:50" tests="0" file="/Users/Shared/Projects/COMOrderDetailService/src/common/KafaService.test.ts" failures="0" time="0">
  </testsuite>
  <testsuite name="Given an array of strings, when postToKafka() is called successfully, then it" timestamp="2019-08-27T13:26:50" tests="4" file="/Users/Shared/Projects/COMOrderDetailService/src/common/KafaService.test.ts" failures="0" time="0.001">
    <testcase name="Class: KafkaService function: postToKafka Given an array of strings, when postToKafka() is called successfully, then it should have called createClient()" time="0" classname="should have called createClient()">
    </testcase>
    <testcase name="Class: KafkaService function: postToKafka Given an array of strings, when postToKafka() is called successfully, then it should send a new message object with the topic name and message" time="0.001" classname="should send a new message object with the topic name and message">
    </testcase>
    <testcase name="Class: KafkaService function: postToKafka Given an array of strings, when postToKafka() is called successfully, then it should have called send of the Producer once" time="0" classname="should have called send of the Producer once">
    </testcase>
    <testcase name="Class: KafkaService function: postToKafka Given an array of strings, when postToKafka() is called successfully, then it should return true" time="0" classname="should return true">
    </testcase>
  </testsuite>
  <testsuite name="Given an array of strings, when postToKafka() is called and causes an error, then it" timestamp="2019-08-27T13:26:50" tests="5" file="/Users/Shared/Projects/COMOrderDetailService/src/common/KafaService.test.ts" failures="0" time="0.001">
    <testcase name="Class: KafkaService function: postToKafka Given an array of strings, when postToKafka() is called and causes an error, then it should have called createClient()" time="0" classname="should have called createClient()">
    </testcase>
    <testcase name="Class: KafkaService function: postToKafka Given an array of strings, when postToKafka() is called and causes an error, then it should send a new message object with the topic name and message" time="0.001" classname="should send a new message object with the topic name and message">
    </testcase>
    <testcase name="Class: KafkaService function: postToKafka Given an array of strings, when postToKafka() is called and causes an error, then it should have called send of the Producer once" time="0" classname="should have called send of the Producer once">
    </testcase>
    <testcase name="Class: KafkaService function: postToKafka Given an array of strings, when postToKafka() is called and causes an error, then it should return error" time="0" classname="should return error">
    </testcase>
    <testcase name="Class: KafkaService function: postToKafka Given an array of strings, when postToKafka() is called and causes an error, then it should return error with message" time="0" classname="should return error with message">
    </testcase>
  </testsuite>
  <testsuite name="GET /api/v1/orders" timestamp="2019-08-27T13:26:50" tests="0" file="/Users/Shared/Projects/COMOrderDetailService/src/controller/ComOrderDetailController.test.ts" failures="0" time="0">
  </testsuite>
  <testsuite name="Given a valid customer Order Number and Tracking Number is null" timestamp="2019-08-27T13:26:50" tests="3" file="/Users/Shared/Projects/COMOrderDetailService/src/controller/ComOrderDetailController.test.ts" failures="0" time="0.001">
    <testcase name="GET /api/v1/orders Given a valid customer Order Number and Tracking Number is null should return 200 response" time="0" classname="should return 200 response">
    </testcase>
    <testcase name="GET /api/v1/orders Given a valid customer Order Number and Tracking Number is null should call ComOrderDetailsService to get the details from db" time="0" classname="should call ComOrderDetailsService to get the details from db">
    </testcase>
    <testcase name="GET /api/v1/orders Given a valid customer Order Number and Tracking Number is null should return a body with order details" time="0.001" classname="should return a body with order details">
    </testcase>
  </testsuite>
  <testsuite name="Given a valid tracking Number and customerOrderNumber is null" timestamp="2019-08-27T13:26:50" tests="3" file="/Users/Shared/Projects/COMOrderDetailService/src/controller/ComOrderDetailController.test.ts" failures="0" time="0">
    <testcase name="GET /api/v1/orders Given a valid tracking Number and customerOrderNumber is null should return 200 response" time="0" classname="should return 200 response">
    </testcase>
    <testcase name="GET /api/v1/orders Given a valid tracking Number and customerOrderNumber is null should call ComOrderDetailsService to get the details from db" time="0" classname="should call ComOrderDetailsService to get the details from db">
    </testcase>
    <testcase name="GET /api/v1/orders Given a valid tracking Number and customerOrderNumber is null should return a body with order details" time="0" classname="should return a body with order details">
    </testcase>
  </testsuite>
  <testsuite name="Given a valid customerOrderNumber and tracking Number" timestamp="2019-08-27T13:26:50" tests="3" file="/Users/Shared/Projects/COMOrderDetailService/src/controller/ComOrderDetailController.test.ts" failures="0" time="0">
    <testcase name="GET /api/v1/orders Given a valid customerOrderNumber and tracking Number should return 200 response" time="0" classname="should return 200 response">
    </testcase>
    <testcase name="GET /api/v1/orders Given a valid customerOrderNumber and tracking Number should call ComOrderDetailsService to get the details from db" time="0" classname="should call ComOrderDetailsService to get the details from db">
    </testcase>
    <testcase name="GET /api/v1/orders Given a valid customerOrderNumber and tracking Number should return a body with order details" time="0" classname="should return a body with order details">
    </testcase>
  </testsuite>
  <testsuite name="When customer Order Number and Tracking Order Number is null or empty" timestamp="2019-08-27T13:26:50" tests="1" file="/Users/Shared/Projects/COMOrderDetailService/src/controller/ComOrderDetailController.test.ts" failures="0" time="0.001">
    <testcase name="GET /api/v1/orders When customer Order Number and Tracking Order Number is null or empty should return Invalid Request" time="0.001" classname="should return Invalid Request">
    </testcase>
  </testsuite>
  <testsuite name="Class: ComOrderDetailService" timestamp="2019-08-27T13:26:50" tests="0" file="/Users/Shared/Projects/COMOrderDetailService/src/service/ComOrderDetailService.test.ts" failures="0" time="0">
  </testsuite>
  <testsuite name="Function: getOrderDetailByCustomerOrderNumberAndTrackingNumber" timestamp="2019-08-27T13:26:50" tests="0" file="/Users/Shared/Projects/COMOrderDetailService/src/service/ComOrderDetailService.test.ts" failures="0" time="0">
  </testsuite>
  <testsuite name="Given a customerOrderNumber and Tracking Number, when the function is invoked, then it" timestamp="2019-08-27T13:26:50" tests="3" file="/Users/Shared/Projects/COMOrderDetailService/src/service/ComOrderDetailService.test.ts" failures="0" time="0">
    <testcase name="Class: ComOrderDetailService Function: getOrderDetailByCustomerOrderNumberAndTrackingNumber Given a customerOrderNumber and Tracking Number, when the function is invoked, then it should call mongoService" time="0" classname="should call mongoService">
    </testcase>
    <testcase name="Class: ComOrderDetailService Function: getOrderDetailByCustomerOrderNumberAndTrackingNumber Given a customerOrderNumber and Tracking Number, when the function is invoked, then it should query with both customerOrderNumber and trackingNumber" time="0" classname="should query with both customerOrderNumber and trackingNumber">
    </testcase>
    <testcase name="Class: ComOrderDetailService Function: getOrderDetailByCustomerOrderNumberAndTrackingNumber Given a customerOrderNumber and Tracking Number, when the function is invoked, then it should return object from mongo" time="0" classname="should return object from mongo">
    </testcase>
  </testsuite>
  <testsuite name="Given a customerOrderNumber and Tracking Number, and Mongo does not have the order details, when the function is invoked, then it" timestamp="2019-08-27T13:26:50" tests="4" file="/Users/Shared/Projects/COMOrderDetailService/src/service/ComOrderDetailService.test.ts" failures="0" time="0.001">
    <testcase name="Class: ComOrderDetailService Function: getOrderDetailByCustomerOrderNumberAndTrackingNumber Given a customerOrderNumber and Tracking Number, and Mongo does not have the order details, when the function is invoked, then it should call mongoService" time="0" classname="should call mongoService">
    </testcase>
    <testcase name="Class: ComOrderDetailService Function: getOrderDetailByCustomerOrderNumberAndTrackingNumber Given a customerOrderNumber and Tracking Number, and Mongo does not have the order details, when the function is invoked, then it should query with both customerOrderNumber and trackingNumber" time="0" classname="should query with both customerOrderNumber and trackingNumber">
    </testcase>
    <testcase name="Class: ComOrderDetailService Function: getOrderDetailByCustomerOrderNumberAndTrackingNumber Given a customerOrderNumber and Tracking Number, and Mongo does not have the order details, when the function is invoked, then it should call OVQ because the details are not in Mongo" time="0" classname="should call OVQ because the details are not in Mongo">
    </testcase>
    <testcase name="Class: ComOrderDetailService Function: getOrderDetailByCustomerOrderNumberAndTrackingNumber Given a customerOrderNumber and Tracking Number, and Mongo does not have the order details, when the function is invoked, then it should return object from mongo" time="0.001" classname="should return object from mongo">
    </testcase>
  </testsuite>
  <testsuite name="Function: getOrderDetailFromMongoCache" timestamp="2019-08-27T13:26:50" tests="0" file="/Users/Shared/Projects/COMOrderDetailService/src/service/ComOrderDetailService.test.ts" failures="0" time="0">
  </testsuite>
  <testsuite name="Given a customerOrderNumber and Tracking Number, when the function is invoked, then it" timestamp="2019-08-27T13:26:50" tests="3" file="/Users/Shared/Projects/COMOrderDetailService/src/service/ComOrderDetailService.test.ts" failures="0" time="0.001">
    <testcase name="Class: ComOrderDetailService Function: getOrderDetailFromMongoCache Given a customerOrderNumber and Tracking Number, when the function is invoked, then it should call mongoService" time="0" classname="should call mongoService">
    </testcase>
    <testcase name="Class: ComOrderDetailService Function: getOrderDetailFromMongoCache Given a customerOrderNumber and Tracking Number, when the function is invoked, then it should query with both customerOrderNumber and trackingNumber" time="0.001" classname="should query with both customerOrderNumber and trackingNumber">
    </testcase>
    <testcase name="Class: ComOrderDetailService Function: getOrderDetailFromMongoCache Given a customerOrderNumber and Tracking Number, when the function is invoked, then it should return object from mongo" time="0" classname="should return object from mongo">
    </testcase>
  </testsuite>
  <testsuite name="Given a customerOrderNumber only, when the function is invoked, then it" timestamp="2019-08-27T13:26:50" tests="3" file="/Users/Shared/Projects/COMOrderDetailService/src/service/ComOrderDetailService.test.ts" failures="0" time="0">
    <testcase name="Class: ComOrderDetailService Function: getOrderDetailFromMongoCache Given a customerOrderNumber only, when the function is invoked, then it should call mongoService" time="0" classname="should call mongoService">
    </testcase>
    <testcase name="Class: ComOrderDetailService Function: getOrderDetailFromMongoCache Given a customerOrderNumber only, when the function is invoked, then it should query with only customerOrderNumber " time="0" classname="should query with only customerOrderNumber ">
    </testcase>
    <testcase name="Class: ComOrderDetailService Function: getOrderDetailFromMongoCache Given a customerOrderNumber only, when the function is invoked, then it should return object from mongo" time="0" classname="should return object from mongo">
    </testcase>
  </testsuite>
  <testsuite name="Given a tracking number only, when the function is invoked, then it" timestamp="2019-08-27T13:26:50" tests="3" file="/Users/Shared/Projects/COMOrderDetailService/src/service/ComOrderDetailService.test.ts" failures="0" time="0">
    <testcase name="Class: ComOrderDetailService Function: getOrderDetailFromMongoCache Given a tracking number only, when the function is invoked, then it should call mongoService" time="0" classname="should call mongoService">
    </testcase>
    <testcase name="Class: ComOrderDetailService Function: getOrderDetailFromMongoCache Given a tracking number only, when the function is invoked, then it should query with only customerOrderNumber " time="0" classname="should query with only customerOrderNumber ">
    </testcase>
    <testcase name="Class: ComOrderDetailService Function: getOrderDetailFromMongoCache Given a tracking number only, when the function is invoked, then it should return object from mongo" time="0" classname="should return object from mongo">
    </testcase>
  </testsuite>
  <testsuite name="Function: getOrderDetailFromOVQ" timestamp="2019-08-27T13:26:50" tests="0" file="/Users/Shared/Projects/COMOrderDetailService/src/service/ComOrderDetailService.test.ts" failures="0" time="0">
  </testsuite>
  <testsuite name="Given an order has a matching tracking number, when the function is invoked with order number and tracking number, then it" timestamp="2019-08-27T13:26:50" tests="3" file="/Users/Shared/Projects/COMOrderDetailService/src/service/ComOrderDetailService.test.ts" failures="0" time="0">
    <testcase name="Class: ComOrderDetailService Function: getOrderDetailFromOVQ Given an order has a matching tracking number, when the function is invoked with order number and tracking number, then it should call Ovq once " time="0" classname="should call Ovq once ">
    </testcase>
    <testcase name="Class: ComOrderDetailService Function: getOrderDetailFromOVQ Given an order has a matching tracking number, when the function is invoked with order number and tracking number, then it should call translate once " time="0" classname="should call translate once ">
    </testcase>
    <testcase name="Class: ComOrderDetailService Function: getOrderDetailFromOVQ Given an order has a matching tracking number, when the function is invoked with order number and tracking number, then it should return order details" time="0" classname="should return order details">
    </testcase>
  </testsuite>
  <testsuite name="Given an order does NOT have a matching tracking number, when the function is invoked with order number and tracking number, then it" timestamp="2019-08-27T13:26:50" tests="3" file="/Users/Shared/Projects/COMOrderDetailService/src/service/ComOrderDetailService.test.ts" failures="0" time="0.001">
    <testcase name="Class: ComOrderDetailService Function: getOrderDetailFromOVQ Given an order does NOT have a matching tracking number, when the function is invoked with order number and tracking number, then it should call Ovq" time="0" classname="should call Ovq">
    </testcase>
    <testcase name="Class: ComOrderDetailService Function: getOrderDetailFromOVQ Given an order does NOT have a matching tracking number, when the function is invoked with order number and tracking number, then it should call translate" time="0.001" classname="should call translate">
    </testcase>
    <testcase name="Class: ComOrderDetailService Function: getOrderDetailFromOVQ Given an order does NOT have a matching tracking number, when the function is invoked with order number and tracking number, then it should return an empty list of order details" time="0" classname="should return an empty list of order details">
    </testcase>
  </testsuite>
  <testsuite name="Given a tracking number is not passed in, when the function is invoked with only order number, then it" timestamp="2019-08-27T13:26:50" tests="3" file="/Users/Shared/Projects/COMOrderDetailService/src/service/ComOrderDetailService.test.ts" failures="0" time="0">
    <testcase name="Class: ComOrderDetailService Function: getOrderDetailFromOVQ Given a tracking number is not passed in, when the function is invoked with only order number, then it should call Ovq" time="0" classname="should call Ovq">
    </testcase>
    <testcase name="Class: ComOrderDetailService Function: getOrderDetailFromOVQ Given a tracking number is not passed in, when the function is invoked with only order number, then it should call translate" time="0" classname="should call translate">
    </testcase>
    <testcase name="Class: ComOrderDetailService Function: getOrderDetailFromOVQ Given a tracking number is not passed in, when the function is invoked with only order number, then it should return an empty list of order details" time="0" classname="should return an empty list of order details">
    </testcase>
  </testsuite>
  <testsuite name="Class: ComOrderEventsService" timestamp="2019-08-27T13:26:50" tests="0" file="/Users/Shared/Projects/COMOrderDetailService/src/service/ComOrderEventsService.test.ts" failures="0" time="0">
  </testsuite>
  <testsuite name="Function: processEvent" timestamp="2019-08-27T13:26:50" tests="0" file="/Users/Shared/Projects/COMOrderDetailService/src/service/ComOrderEventsService.test.ts" failures="0" time="0">
  </testsuite>
  <testsuite name="Given a kafka message with a valid event in xml, When the function is invoked, then it" timestamp="2019-08-27T13:26:50" tests="3" file="/Users/Shared/Projects/COMOrderDetailService/src/service/ComOrderEventsService.test.ts" failures="0" time="0.001">
    <testcase name="Class: ComOrderEventsService Function: processEvent Given a kafka message with a valid event in xml, When the function is invoked, then it should convert the xml to json" time="0" classname="should convert the xml to json">
    </testcase>
    <testcase name="Class: ComOrderEventsService Function: processEvent Given a kafka message with a valid event in xml, When the function is invoked, then it should call translate()" time="0" classname="should call translate()">
    </testcase>
    <testcase name="Class: ComOrderEventsService Function: processEvent Given a kafka message with a valid event in xml, When the function is invoked, then it should insert details in mongo" time="0.001" classname="should insert details in mongo">
    </testcase>
  </testsuite>
  <testsuite name="E2E Function: processEvent" timestamp="2019-08-27T13:26:50" tests="0" file="/Users/Shared/Projects/COMOrderDetailService/src/service/ComOrderEventsService.test.ts" failures="0" time="0">
  </testsuite>
  <testsuite name="Given a valid xml without tracking details" timestamp="2019-08-27T13:26:50" tests="1" file="/Users/Shared/Projects/COMOrderDetailService/src/service/ComOrderEventsService.test.ts" failures="0" time="0">
    <testcase name="Class: ComOrderEventsService E2E Function: processEvent Given a valid xml without tracking details should not call to insert details in mongo" time="0" classname="should not call to insert details in mongo">
    </testcase>
  </testsuite>
  <testsuite name="Given a valid xml with tracking details" timestamp="2019-08-27T13:26:50" tests="2" file="/Users/Shared/Projects/COMOrderDetailService/src/service/ComOrderEventsService.test.ts" failures="1" time="0.002">
    <testcase name="Class: ComOrderEventsService E2E Function: processEvent Given a valid xml with tracking details should call to insert details in mongo" time="0" classname="should call to insert details in mongo">
    </testcase>
    <testcase name="Class: ComOrderEventsService E2E Function: processEvent Given a valid xml with tracking details document to insert into mongo should be valid?" time="0.002" classname="document to insert into mongo should be valid?">
      <failure message="expected [ Array(1) ] to deeply equal [ Array(1) ]" type="AssertionError"><![CDATA[AssertionError: expected [ Array(1) ] to deeply equal [ Array(1) ]
    at Context.it (src/service/ComOrderEventsService.test.ts:1:12317)]]></failure>
    </testcase>
  </testsuite>
  <testsuite name="Class: ComOrderEventTranslator" timestamp="2019-08-27T13:26:50" tests="0" file="/Users/Shared/Projects/COMOrderDetailService/src/translator/ComOrderEventTranslator.test.ts" failures="0" time="0">
  </testsuite>
  <testsuite name="function: translate COM Event" timestamp="2019-08-27T13:26:50" tests="0" file="/Users/Shared/Projects/COMOrderDetailService/src/translator/ComOrderEventTranslator.test.ts" failures="0" time="0">
  </testsuite>
  <testsuite name="Given an event with null orderList, when the function is called, then it" timestamp="2019-08-27T13:26:50" tests="1" file="/Users/Shared/Projects/COMOrderDetailService/src/translator/ComOrderEventTranslator.test.ts" failures="0" time="0">
    <testcase name="Class: ComOrderEventTranslator function: translate COM Event Given an event with null orderList, when the function is called, then it should return an empty list" time="0" classname="should return an empty list">
    </testcase>
  </testsuite>
  <testsuite name="Given an event with empty orderList, when the function is called, then it" timestamp="2019-08-27T13:26:50" tests="1" file="/Users/Shared/Projects/COMOrderDetailService/src/translator/ComOrderEventTranslator.test.ts" failures="0" time="0">
    <testcase name="Class: ComOrderEventTranslator function: translate COM Event Given an event with empty orderList, when the function is called, then it should return an empty list" time="0" classname="should return an empty list">
    </testcase>
  </testsuite>
  <testsuite name="Given an event with empty orders, when the function is called, then it" timestamp="2019-08-27T13:26:50" tests="1" file="/Users/Shared/Projects/COMOrderDetailService/src/translator/ComOrderEventTranslator.test.ts" failures="0" time="0">
    <testcase name="Class: ComOrderEventTranslator function: translate COM Event Given an event with empty orders, when the function is called, then it should return an empty list" time="0" classname="should return an empty list">
    </testcase>
  </testsuite>
  <testsuite name="Given a STH event with one order with tracking details, when the function is called, then it" timestamp="2019-08-27T13:26:50" tests="8" file="/Users/Shared/Projects/COMOrderDetailService/src/translator/ComOrderEventTranslator.test.ts" failures="0" time="0.001">
    <testcase name="Class: ComOrderEventTranslator function: translate COM Event Given a STH event with one order with tracking details, when the function is called, then it should return a list of one" time="0" classname="should return a list of one">
    </testcase>
    <testcase name="Class: ComOrderEventTranslator function: translate COM Event Given a STH event with one order with tracking details, when the function is called, then it should contain customerOrderNumber" time="0" classname="should contain customerOrderNumber">
    </testcase>
    <testcase name="Class: ComOrderEventTranslator function: translate COM Event Given a STH event with one order with tracking details, when the function is called, then it should contain orderedDate" time="0" classname="should contain orderedDate">
    </testcase>
    <testcase name="Class: ComOrderEventTranslator function: translate COM Event Given a STH event with one order with tracking details, when the function is called, then it should contain shipTo details" time="0" classname="should contain shipTo details">
    </testcase>
    <testcase name="Class: ComOrderEventTranslator function: translate COM Event Given a STH event with one order with tracking details, when the function is called, then it should contain one line item" time="0" classname="should contain one line item">
    </testcase>
    <testcase name="Class: ComOrderEventTranslator function: translate COM Event Given a STH event with one order with tracking details, when the function is called, then it line item should contain details" time="0.001" classname="line item should contain details">
    </testcase>
    <testcase name="Class: ComOrderEventTranslator function: translate COM Event Given a STH event with one order with tracking details, when the function is called, then it should contain email" time="0" classname="should contain email">
    </testcase>
    <testcase name="Class: ComOrderEventTranslator function: translate COM Event Given a STH event with one order with tracking details, when the function is called, then it should contain po" time="0" classname="should contain po">
    </testcase>
  </testsuite>
  <testsuite name="function: translate OVQ response" timestamp="2019-08-27T13:26:50" tests="0" file="/Users/Shared/Projects/COMOrderDetailService/src/translator/ComOrderEventTranslator.test.ts" failures="0" time="0">
  </testsuite>
  <testsuite name="Given an OVQ Order dto, when the function is invoked, then it " timestamp="2019-08-27T13:26:50" tests="3" file="/Users/Shared/Projects/COMOrderDetailService/src/translator/ComOrderEventTranslator.test.ts" failures="0" time="0.001">
    <testcase name="Class: ComOrderEventTranslator function: translate OVQ response Given an OVQ Order dto, when the function is invoked, then it  should translate order attributes" time="0" classname="should translate order attributes">
    </testcase>
    <testcase name="Class: ComOrderEventTranslator function: translate OVQ response Given an OVQ Order dto, when the function is invoked, then it  should translate line items" time="0" classname="should translate line items">
    </testcase>
    <testcase name="Class: ComOrderEventTranslator function: translate OVQ response Given an OVQ Order dto, when the function is invoked, then it  should translate shipTo" time="0.001" classname="should translate shipTo">
    </testcase>
  </testsuite>
</testsuites>